// Jest Snapshot v1, https://goo.gl/fbAQLP

exports[`ErrorBoundary should properly render 1`] = `" abc"`;
