// Jest Snapshot v1, https://goo.gl/fbAQLP

exports[`RouteWithSubRoutes should properly render 1`] = `
<Route
  render={[Function]}
/>
`;
