// Jest Snapshot v1, https://goo.gl/fbAQLP

exports[`App renders correct 1`] = `
<div
  className="App"
>
  <Suspense
    fallback={<LoaderSplashScreen />}
  >
    <MainRoutes />
  </Suspense>
</div>
`;
