// Jest Snapshot v1, https://goo.gl/fbAQLP

exports[`LoaderSplashScreen should properly render 1`] = `
<div>
  <div
    className="lds-dual-ring"
  />
</div>
`;
