// Jest Snapshot v1, https://goo.gl/fbAQLP

exports[`PrivateRoute should properly render with authorized 1`] = `
<Route
  exact={true}
  path="/a"
  render={[Function]}
/>
`;
