// Jest Snapshot v1, https://goo.gl/fbAQLP

exports[`Dashboard should render correct 1`] = `
<div
  className="dashboard"
>
  <div
    className="lading-header"
  >
    <LayoutHeader />
    <div
      className="left-menu"
    >
      <h1
        className="title"
      >
        <p>
          Asia IT
        </p>
        <p>
          Market Place
        </p>
      </h1>
    </div>
    <div
      className="right-menu"
    >
      <div
        className="tabs"
      >
        <input
          id="now-checkbox"
          name="tab"
          type="radio"
        />
        <input
          id="future-checkbox"
          name="tab"
          type="radio"
        />
        <div
          className="tab-title"
        >
          <label
            htmlFor="now-checkbox"
          >
            Now
          </label>
          <label
            htmlFor="future-checkbox"
          >
            Future
          </label>
        </div>
        <div
          className="tab-content"
        >
          <div
            className="tab"
          >
            <div
              className="grids"
            >
              <div
                className="grid"
              >
                <div
                  className="grid-number"
                >
                  6
                </div>
                <div
                  className="grid-text"
                >
                  different IT Software Networks
                </div>
              </div>
              <div
                className="grid"
              >
                <div
                  className="grid-number"
                >
                  32
                </div>
                <div
                  className="grid-text"
                >
                  partners
                </div>
              </div>
              <div
                className="grid"
              >
                <div
                  className="grid-number"
                >
                  4
                </div>
                <div
                  className="grid-text"
                >
                  countries
                </div>
              </div>
            </div>
          </div>
          <div
            className="tab"
          >
            <div
              className="grids"
            >
              <div
                className="grid"
              >
                <div
                  className="grid-number"
                >
                  16
                </div>
                <div
                  className="grid-text"
                >
                  different IT Software Networks
                </div>
              </div>
              <div
                className="grid"
              >
                <div
                  className="grid-number"
                >
                  62
                </div>
                <div
                  className="grid-text"
                >
                  partners
                </div>
              </div>
              <div
                className="grid"
              >
                <div
                  className="grid-number"
                >
                  14
                </div>
                <div
                  className="grid-text"
                >
                  countries
                </div>
              </div>
            </div>
          </div>
        </div>
      </div>
    </div>
  </div>
  <div
    className="slogan"
  >
    <h2>
      You are now viewing an 
      <strong>
        IT Software
      </strong>
       that has been verified by 
      <strong>
        over 1 million users.
      </strong>
    </h2>
  </div>
  <div
    className="grid-service-title"
  >
    IT CLOUD SEAâ€™S IT SERVICE
  </div>
  <div
    className="grid-services"
  >
    <div
      className="grid-service-item"
    >
      <div
        className="grid-service-container"
      >
        <div
          className="image"
        >
          <ReactComponent />
        </div>
        <div
          className="content"
        >
          <div
            className="labels"
          >
            <div
              className="label-title"
            >
              Assets
            </div>
            <div
              className="label"
            >
              <div
                className="label-item"
              >
                <div
                  className="label-text"
                >
                  Inventory Management
                </div>
                <div
                  className="label-bg"
                >
                  G-Book
                </div>
              </div>
            </div>
          </div>
        </div>
      </div>
    </div>
    <div
      className="grid-service-item"
    >
      <div
        className="grid-service-container"
      >
        <div
          className="image"
        >
          <ReactComponent />
        </div>
        <div
          className="content"
        >
          <div
            className="labels"
          >
            <div
              className="label-title"
            >
              Accounting
            </div>
            <div
              className="label"
            >
              <div
                className="label-item"
              >
                <div
                  className="label-text"
                >
                  Accounting
                </div>
                <div
                  className="label-bg"
                >
                  G-Book
                </div>
              </div>
            </div>
          </div>
        </div>
      </div>
    </div>
    <div
      className="grid-service-item"
    >
      <div
        className="grid-service-container"
      >
        <div
          className="image"
        >
          <ReactComponent />
        </div>
        <div
          className="content"
        >
          <div
            className="labels"
          >
            <div
              className="label-title"
            >
              HR & Admin
            </div>
            <div
              className="label"
            >
              <div
                className="label-item"
              >
                <div
                  className="label-text"
                >
                  Webmail
                </div>
                <div
                  className="label-bg"
                >
                  E-office
                </div>
              </div>
              <div
                className="label-item"
              >
                <div
                  className="label-text"
                >
                  E- Apporval
                </div>
                <div
                  className="label-bg"
                >
                  E-office
                </div>
              </div>
              <div
                className="label-item"
              >
                <div
                  className="label-text"
                >
                  E- Document
                </div>
                <div
                  className="label-bg"
                >
                  E-office
                </div>
              </div>
              <div
                className="label-item"
              >
                <div
                  className="label-text"
                >
                  E- Check in.out
                </div>
                <div
                  className="label-bg"
                >
                  E-office
                </div>
              </div>
              <div
                className="label-item"
              >
                <div
                  className="label-text"
                >
                  Co-work/Project
                </div>
                <div
                  className="label-bg"
                >
                  E-office
                </div>
              </div>
            </div>
          </div>
        </div>
      </div>
    </div>
    <div
      className="grid-service-item"
    >
      <div
        className="grid-service-container"
      >
        <div
          className="image"
        >
          <ReactComponent />
        </div>
        <div
          className="content"
        >
          <div
            className="labels"
          >
            <div
              className="label-title"
            >
              Sales
            </div>
            <div
              className="label"
            >
              <div
                className="label-item"
              >
                <div
                  className="label-text"
                >
                  Create Homepage Youtube & Instagram
                </div>
                <div
                  className="label-bg"
                >
                  Fieldmake
                </div>
              </div>
            </div>
          </div>
        </div>
      </div>
    </div>
    <div
      className="grid-service-item"
    >
      <div
        className="grid-service-container"
      >
        <div
          className="image"
        >
          <ReactComponent />
        </div>
        <div
          className="content"
        >
          <div
            className="labels"
          >
            <div
              className="label-title"
            >
              Customer
            </div>
            <div
              className="label"
            >
              <div
                className="label-item"
              >
                <div
                  className="label-text"
                >
                  Customer Request Management
                </div>
                <div
                  className="label-bg"
                >
                  OQUFIE
                </div>
              </div>
            </div>
          </div>
        </div>
      </div>
    </div>
    <div
      className="grid-service-item"
    >
      <div
        className="grid-service-container"
      >
        <div
          className="image"
        >
          <ReactComponent />
        </div>
        <div
          className="content"
        >
          <div
            className="labels"
          >
            <div
              className="label-title"
            >
              Security
            </div>
            <div
              className="label"
            >
              <div
                className="label-item"
              >
                <div
                  className="label-text"
                >
                  SSL server
                </div>
                <div
                  className="label-bg"
                >
                  SECTIGO
                </div>
              </div>
            </div>
          </div>
        </div>
      </div>
    </div>
  </div>
  <div
    className="costs"
  >
    <div
      className="costs-container"
    >
      <div
        className="cost-item   isFree"
        key="1"
      >
        <h3
          className="cost-title"
        >
          Free Test
        </h3>
        <p
          className="cost-description"
        >
          Organize across all apps by hand
        </p>
        <div
          className="cost-per-month"
        >
          <div
            className="cost-value"
          >
            0
          </div>
          <div
            className="cost-unit"
          >
            <div
              className="cost-unit__symbol"
            >
              <ReactComponent />
            </div>
            <div
              className="cost-unit__time"
            >
              Per Month
            </div>
          </div>
        </div>
      </div>
      <div
        className="cost-item   "
        key="2"
      >
        <h3
          className="cost-title"
        >
          Low Price
        </h3>
        <p
          className="cost-description"
        >
          Monthly Fixed Amount
        </p>
        <div
          className="cost-per-month"
        >
          <div
            className="cost-value"
          >
            200.000
          </div>
          <div
            className="cost-unit"
          >
            <div
              className="cost-unit__symbol"
            >
              <ReactComponent />
            </div>
            <div
              className="cost-unit__time"
            >
              Per Month
            </div>
          </div>
        </div>
      </div>
      <div
        className="cost-item isBorder  "
        key="3"
      >
        <h3
          className="cost-title"
        >
          Easy Using Methods
        </h3>
        <p
          className="cost-description"
        >
          Various Manuals
        </p>
        <div
          className="cost-per-month"
        >
          <div
            className="cost-value"
          >
            200.000
          </div>
          <div
            className="cost-unit"
          >
            <div
              className="cost-unit__symbol"
            >
              <ReactComponent />
            </div>
            <div
              className="cost-unit__time"
            >
              Per Month
            </div>
          </div>
        </div>
      </div>
      <div
        className="cost-item  isHasBg "
        key="4"
      >
        <h3
          className="cost-title"
        >
          Verified IT Service
        </h3>
        <p
          className="cost-description"
        >
          On sale in 4 countries
        </p>
        <div
          className="cost-per-month"
        >
          <div
            className="cost-value"
          >
            300.000
          </div>
          <div
            className="cost-unit"
          >
            <div
              className="cost-unit__symbol"
            >
              <ReactComponent />
            </div>
            <div
              className="cost-unit__time"
            >
              Per Month
            </div>
          </div>
        </div>
      </div>
    </div>
  </div>
  <div
    className="contacts"
  >
    <div
      className="contact-container"
    >
      <div
        className="contact-item"
      >
        <h3
          className="contact-title"
        >
          Vietnam Office
        </h3>
        <p
          className="contact-address"
        >
          14F, APtower, Dien Bien Phu street, district 3, Ho Chi Minh city
        </p>
        <p
          className="contact-business"
        >
          Business resignation: 0315421202
        </p>
        <p
          className="contact-phone-email"
        >
          <span
            className="contact-phone"
          >
            Tel: 028-3520-2367
          </span>
          <span
            className="contact-email"
          >
            sales@dkinno.com
          </span>
        </p>
        <p
          className="contact-copyright"
        >
          Copyright 2021 DaouKiwoom Innovation C0., Ltd
        </p>
      </div>
      <div
        className="contact-item"
      >
        <h3
          className="contact-title"
        >
          Indonesia Office
        </h3>
        <p
          className="contact-address"
        >
          Menara Mandiri II, Jl. jend. Sudirman No.54-55, South Jakarta, DKI Jakarta 12190, Indonsia
        </p>
        <p
          className="contact-business"
        >
          Tel: +62-21-5082-0038
        </p>
      </div>
      <div
        className="contact-item"
      >
        <h3
          className="contact-title"
        >
          Korea Office
        </h3>
        <p
          className="contact-address"
        >
          5th Fl, C-dong, PDC, 242, Pangyo-ro, Bundang-gu, Seongnam-si, Gyeonggi-do, Korea
        </p>
      </div>
    </div>
  </div>
</div>
`;
