// Jest Snapshot v1, https://goo.gl/fbAQLP

exports[`ApiHandler renders correct 1`] = `""`;
