// Jest Snapshot v1, https://goo.gl/fbAQLP

exports[`NotFound should render correct 1`] = `
<Fragment>
  404 Page not found
</Fragment>
`;
